USER         PID %CPU %MEM    VSZ   RSS TTY      STAT START   TIME COMMAND
cmpt201        1  0.0  0.1  19040  9180 pts/0    Ss+  Sep17   0:14 zsh --login
cmpt201      373  0.0  0.0  17648  7588 pts/1    Ss+  Sep17   0:01 zsh --login
cmpt201    12758  0.0  0.0  14176  6504 pts/2    Ss+  03:28   0:00 zsh --login
cmpt201    14557  0.0  0.0  14164  6456 pts/3    Ss   03:42   0:00 zsh --login
cmpt201    14644  0.1  0.0  86772  6108 pts/3    Sl+  03:42   1:25 btop
cmpt201    32734  0.0  0.0  14264  6588 pts/4    Ss+  19:20   0:00 zsh --login
cmpt201    34254  0.0  0.0  14304  6588 pts/5    Ss   19:30   0:00 zsh --login
cmpt201    34336  0.0  0.0  17592  7392 pts/6    Ss   19:31   0:00 zsh --login
cmpt201    34772  0.0  0.0   8012  1692 pts/0    S+   19:35   0:00 cat
cmpt201    34773  0.1  0.1  18360  8588 pts/7    Ss   19:41   0:02 zsh --login
cmpt201    39098  0.0  0.0   2800  1828 pts/6    S+   20:05   0:00 /home/cmpt201/.local/bin/record
cmpt201    39099  0.0  0.2 108992 22612 pts/6    Sl+  20:05   0:00 /home/cmpt201/.local/bin/record
cmpt201    39104  0.0  0.2 108240 22140 pts/6    Sl+  20:05   0:00 /usr/bin/python3 /usr/bin/asciinema rec --idle-time-limit=60 --stdin --quiet /tmp/.record/input.6.2026-09-18T20:05:11.121404
cmpt201    39106  0.0  0.1  34416 16076 pts/6    S+   20:05   0:00 /usr/bin/python3 /usr/bin/asciinema rec --idle-time-limit=60 --stdin --quiet /tmp/.record/input.6.2026-09-18T20:05:11.121404
cmpt201    39107  0.0  0.2  34428 16732 pts/6    S+   20:05   0:00 /usr/bin/python3 /usr/bin/asciinema rec --idle-time-limit=60 --stdin --quiet /tmp/.record/input.6.2026-09-18T20:05:11.121404
cmpt201    39108  0.0  0.0   2392  1584 pts/9    Ss   20:05   0:00 sh -c /usr/bin/zsh
cmpt201    39109  0.0  0.0  17700  7576 pts/9    S    20:05   0:00 /usr/bin/zsh
cmpt201    39329  0.0  0.0  10268  2888 pts/5    S+   20:07   0:00 man 3 strtok
cmpt201    39339  0.0  0.0   8336  2516 pts/5    S+   20:07   0:00 less
cmpt201    39987  0.0  0.1  27640 12820 pts/9    Sl+  20:10   0:00 vim pseudocode_lab1.txt
cmpt201    40341 58.3  0.0   2800  1824 pts/7    S+   20:16   0:00 /home/cmpt201/.local/bin/record
cmpt201    40342 50.0  0.2 108976 22212 pts/7    S+   20:16   0:00 /home/cmpt201/.local/bin/record
cmpt201    40345  0.0  0.0  13232  4144 pts/7    R+   20:16   0:00 ps aux
